=== tests/test_fhir_export.py::test_export_rejected_without_clinician_affirmation ===
.venv\Lib\site-packages\_pytest\runner.py:361: in from_call
    result: TResult | None = func()
                             ^^^^^^
.venv\Lib\site-packages\_pytest\runner.py:250: in <lambda>
    lambda: runtest_hook(item=item, **kwds),
            ^^^^^^^^^^^^^^^^^^^^^^^^^^^^^^^
.venv\Lib\site-packages\pluggy\_hooks.py:512: in __call__
    return self._hookexec(self.name, self._hookimpls.copy(), kwargs, firstresult)
           ^^^^^^^^^^^^^^^^^^^^^^^^^^^^^^^^^^^^^^^^^^^^^^^^^^^^^^^^^^^^^^^^^^^^^^
.venv\Lib\site-packages\pluggy\_manager.py:120: in _hookexec
    return self._inner_hookexec(hook_name, methods, kwargs, firstresult)
           ^^^^^^^^^^^^^^^^^^^^^^^^^^^^^^^^^^^^^^^^^^^^^^^^^^^^^^^^^^^^^
.venv\Lib\site-packages\_pytest\capture.py:900: in pytest_runtest_call
    return (yield)
            ^^^^^
.venv\Lib\site-packages\pluggy\_callers.py:53: in run_old_style_hookwrapper
    return result.get_result()
           ^^^^^^^^^^^^^^^^^^^
.venv\Lib\site-packages\pluggy\_callers.py:38: in run_old_style_hookwrapper
    res = yield
          ^^^^^
.venv\Lib\site-packages\_pytest\skipping.py:268: in pytest_runtest_call
    return (yield)
            ^^^^^
.venv\Lib\site-packages\_pytest\runner.py:184: in pytest_runtest_call
    item.runtest()
.venv\Lib\site-packages\pytest_asyncio\plugin.py:569: in runtest
    super().runtest()
.venv\Lib\site-packages\_pytest\python.py:1707: in runtest
    self.ihook.pytest_pyfunc_call(pyfuncitem=self)
.venv\Lib\site-packages\pluggy\_hooks.py:512: in __call__
    return self._hookexec(self.name, self._hookimpls.copy(), kwargs, firstresult)
           ^^^^^^^^^^^^^^^^^^^^^^^^^^^^^^^^^^^^^^^^^^^^^^^^^^^^^^^^^^^^^^^^^^^^^^
.venv\Lib\site-packages\pluggy\_manager.py:120: in _hookexec
    return self._inner_hookexec(hook_name, methods, kwargs, firstresult)
           ^^^^^^^^^^^^^^^^^^^^^^^^^^^^^^^^^^^^^^^^^^^^^^^^^^^^^^^^^^^^^
.venv\Lib\site-packages\pluggy\_callers.py:53: in run_old_style_hookwrapper
    return result.get_result()
           ^^^^^^^^^^^^^^^^^^^
.venv\Lib\site-packages\pluggy\_callers.py:38: in run_old_style_hookwrapper
    res = yield
          ^^^^^
.venv\Lib\site-packages\_pytest\python.py:167: in pytest_pyfunc_call
    result = testfunction(**testargs)
             ^^^^^^^^^^^^^^^^^^^^^^^^
.venv\Lib\site-packages\pytest_asyncio\plugin.py:905: in inner
    runner.run(coro, context=context)
C:\Users\abhis\AppData\Roaming\uv\python\cpython-3.12.11-windows-x86_64-none\Lib\asyncio\runners.py:118: in run
    return self._loop.run_until_complete(task)
           ^^^^^^^^^^^^^^^^^^^^^^^^^^^^^^^^^^^
C:\Users\abhis\AppData\Roaming\uv\python\cpython-3.12.11-windows-x86_64-none\Lib\asyncio\base_events.py:691: in run_until_complete
    return future.result()
           ^^^^^^^^^^^^^^^
tests\test_fhir_export.py:277: in test_export_rejected_without_clinician_affirmation
    assert "doctor_verified" in res.json()["detail"]
E   assert 'doctor_verified' in "Summary for session sess_unverified_864e78 has not been verified by a clinician (current status: 'draft'). Use POST /api/summary/sess_unverified_864e78/verify to sign off before exporting."

=== tests/test_fhir_export.py::test_export_rejected_for_patient_without_abha ===
.venv\Lib\site-packages\sqlalchemy\engine\base.py:1969: in _exec_single_context
    self.dialect.do_execute(
.venv\Lib\site-packages\sqlalchemy\engine\default.py:952: in do_execute
    cursor.execute(statement, parameters)
.venv\Lib\site-packages\sqlalchemy\dialects\sqlite\aiosqlite.py:213: in execute
    self._adapt_connection._handle_exception(error)
.venv\Lib\site-packages\sqlalchemy\dialects\sqlite\aiosqlite.py:373: in _handle_exception
    raise error
.venv\Lib\site-packages\sqlalchemy\dialects\sqlite\aiosqlite.py:195: in execute
    self.await_(_cursor.execute(operation, parameters))
.venv\Lib\site-packages\sqlalchemy\util\_concurrency_py3k.py:132: in await_only
    return current.parent.switch(awaitable)  # type: ignore[no-any-return,attr-defined] # noqa: E501
           ^^^^^^^^^^^^^^^^^^^^^^^^^^^^^^^^
.venv\Lib\site-packages\sqlalchemy\util\_concurrency_py3k.py:196: in greenlet_spawn
    value = await result
            ^^^^^^^^^^^^
.venv\Lib\site-packages\aiosqlite\cursor.py:40: in execute
    await self._execute(self._cursor.execute, sql, parameters)
.venv\Lib\site-packages\aiosqlite\cursor.py:32: in _execute
    return await self._conn._execute(fn, *args, **kwargs)
           ^^^^^^^^^^^^^^^^^^^^^^^^^^^^^^^^^^^^^^^^^^^^^^
.venv\Lib\site-packages\aiosqlite\core.py:160: in _execute
    return await future
           ^^^^^^^^^^^^
.venv\Lib\site-packages\aiosqlite\core.py:63: in _connection_worker_thread
    result = function()
             ^^^^^^^^^^
E   sqlite3.IntegrityError: NOT NULL constraint failed: patients.abha_id

The above exception was the direct cause of the following exception:
.venv\Lib\site-packages\_pytest\runner.py:361: in from_call
    result: TResult | None = func()
                             ^^^^^^
.venv\Lib\site-packages\_pytest\runner.py:250: in <lambda>
    lambda: runtest_hook(item=item, **kwds),
            ^^^^^^^^^^^^^^^^^^^^^^^^^^^^^^^
.venv\Lib\site-packages\pluggy\_hooks.py:512: in __call__
    return self._hookexec(self.name, self._hookimpls.copy(), kwargs, firstresult)
           ^^^^^^^^^^^^^^^^^^^^^^^^^^^^^^^^^^^^^^^^^^^^^^^^^^^^^^^^^^^^^^^^^^^^^^
.venv\Lib\site-packages\pluggy\_manager.py:120: in _hookexec
    return self._inner_hookexec(hook_name, methods, kwargs, firstresult)
           ^^^^^^^^^^^^^^^^^^^^^^^^^^^^^^^^^^^^^^^^^^^^^^^^^^^^^^^^^^^^^
.venv\Lib\site-packages\_pytest\capture.py:900: in pytest_runtest_call
    return (yield)
            ^^^^^
.venv\Lib\site-packages\pluggy\_callers.py:53: in run_old_style_hookwrapper
    return result.get_result()
           ^^^^^^^^^^^^^^^^^^^
.venv\Lib\site-packages\pluggy\_callers.py:38: in run_old_style_hookwrapper
    res = yield
          ^^^^^
.venv\Lib\site-packages\_pytest\skipping.py:268: in pytest_runtest_call
    return (yield)
            ^^^^^
.venv\Lib\site-packages\_pytest\runner.py:184: in pytest_runtest_call
    item.runtest()
.venv\Lib\site-packages\pytest_asyncio\plugin.py:569: in runtest
    super().runtest()
.venv\Lib\site-packages\_pytest\python.py:1707: in runtest
    self.ihook.pytest_pyfunc_call(pyfuncitem=self)
.venv\Lib\site-packages\pluggy\_hooks.py:512: in __call__
    return self._hookexec(self.name, self._hookimpls.copy(), kwargs, firstresult)
           ^^^^^^^^^^^^^^^^^^^^^^^^^^^^^^^^^^^^^^^^^^^^^^^^^^^^^^^^^^^^^^^^^^^^^^
.venv\Lib\site-packages\pluggy\_manager.py:120: in _hookexec
    return self._inner_hookexec(hook_name, methods, kwargs, firstresult)
           ^^^^^^^^^^^^^^^^^^^^^^^^^^^^^^^^^^^^^^^^^^^^^^^^^^^^^^^^^^^^^
.venv\Lib\site-packages\pluggy\_callers.py:53: in run_old_style_hookwrapper
    return result.get_result()
           ^^^^^^^^^^^^^^^^^^^
.venv\Lib\site-packages\pluggy\_callers.py:38: in run_old_style_hookwrapper
    res = yield
          ^^^^^
.venv\Lib\site-packages\_pytest\python.py:167: in pytest_pyfunc_call
    result = testfunction(**testargs)
             ^^^^^^^^^^^^^^^^^^^^^^^^
.venv\Lib\site-packages\pytest_asyncio\plugin.py:905: in inner
    runner.run(coro, context=context)
C:\Users\abhis\AppData\Roaming\uv\python\cpython-3.12.11-windows-x86_64-none\Lib\asyncio\runners.py:118: in run
    return self._loop.run_until_complete(task)
           ^^^^^^^^^^^^^^^^^^^^^^^^^^^^^^^^^^^
C:\Users\abhis\AppData\Roaming\uv\python\cpython-3.12.11-windows-x86_64-none\Lib\asyncio\base_events.py:691: in run_until_complete
    return future.result()
           ^^^^^^^^^^^^^^^
tests\test_fhir_export.py:346: in test_export_rejected_for_patient_without_abha
    await seed_test_encounter(
tests\test_fhir_export.py:107: in seed_test_encounter
    await db.flush()
.venv\Lib\site-packages\sqlalchemy\ext\asyncio\session.py:787: in flush
    await greenlet_spawn(self.sync_session.flush, objects=objects)
.venv\Lib\site-packages\sqlalchemy\util\_concurrency_py3k.py:203: in greenlet_spawn
    result = context.switch(value)
             ^^^^^^^^^^^^^^^^^^^^^
.venv\Lib\site-packages\sqlalchemy\orm\session.py:4353: in flush
    self._flush(objects)
.venv\Lib\site-packages\sqlalchemy\orm\session.py:4488: in _flush
    with util.safe_reraise():
         ^^^^^^^^^^^^^^^^^^^
.venv\Lib\site-packages\sqlalchemy\util\langhelpers.py:122: in __exit__
    raise exc_value.with_traceback(exc_tb)
.venv\Lib\site-packages\sqlalchemy\orm\session.py:4449: in _flush
    flush_context.execute()
.venv\Lib\site-packages\sqlalchemy\orm\unitofwork.py:465: in execute
    rec.execute(self)
.venv\Lib\site-packages\sqlalchemy\orm\unitofwork.py:641: in execute
    util.preloaded.orm_persistence.save_obj(
.venv\Lib\site-packages\sqlalchemy\orm\persistence.py:94: in save_obj
    _emit_insert_statements(
.venv\Lib\site-packages\sqlalchemy\orm\persistence.py:1049: in _emit_insert_statements
    result = connection.execute(
.venv\Lib\site-packages\sqlalchemy\engine\base.py:1421: in execute
    return meth(
.venv\Lib\site-packages\sqlalchemy\sql\elements.py:526: in _execute_on_connection
    return connection._execute_clauseelement(
.venv\Lib\site-packages\sqlalchemy\engine\base.py:1643: in _execute_clauseelement
    ret = self._execute_context(
.venv\Lib\site-packages\sqlalchemy\engine\base.py:1848: in _execute_context
    return self._exec_single_context(
.venv\Lib\site-packages\sqlalchemy\engine\base.py:1988: in _exec_single_context
    self._handle_dbapi_exception(
.venv\Lib\site-packages\sqlalchemy\engine\base.py:2365: in _handle_dbapi_exception
    raise sqlalchemy_exception.with_traceback(exc_info[2]) from e
.venv\Lib\site-packages\sqlalchemy\engine\base.py:1969: in _exec_single_context
    self.dialect.do_execute(
.venv\Lib\site-packages\sqlalchemy\engine\default.py:952: in do_execute
    cursor.execute(statement, parameters)
.venv\Lib\site-packages\sqlalchemy\dialects\sqlite\aiosqlite.py:213: in execute
    self._adapt_connection._handle_exception(error)
.venv\Lib\site-packages\sqlalchemy\dialects\sqlite\aiosqlite.py:373: in _handle_exception
    raise error
.venv\Lib\site-packages\sqlalchemy\dialects\sqlite\aiosqlite.py:195: in execute
    self.await_(_cursor.execute(operation, parameters))
.venv\Lib\site-packages\sqlalchemy\util\_concurrency_py3k.py:132: in await_only
    return current.parent.switch(awaitable)  # type: ignore[no-any-return,attr-defined] # noqa: E501
           ^^^^^^^^^^^^^^^^^^^^^^^^^^^^^^^^
.venv\Lib\site-packages\sqlalchemy\util\_concurrency_py3k.py:196: in greenlet_spawn
    value = await result
            ^^^^^^^^^^^^
.venv\Lib\site-packages\aiosqlite\cursor.py:40: in execute
    await self._execute(self._cursor.execute, sql, parameters)
.venv\Lib\site-packages\aiosqlite\cursor.py:32: in _execute
    return await self._conn._execute(fn, *args, **kwargs)
           ^^^^^^^^^^^^^^^^^^^^^^^^^^^^^^^^^^^^^^^^^^^^^^
.venv\Lib\site-packages\aiosqlite\core.py:160: in _execute
    return await future
           ^^^^^^^^^^^^
.venv\Lib\site-packages\aiosqlite\core.py:63: in _connection_worker_thread
    result = function()
             ^^^^^^^^^^
E   sqlalchemy.exc.IntegrityError: (sqlite3.IntegrityError) NOT NULL constraint failed: patients.abha_id
E   [SQL: INSERT INTO patients (id, abha_id, abha_number, name, gender, dob, mobile, address, district, state, created_at) VALUES (?, ?, ?, ?, ?, ?, ?, ?, ?, ?, ?)]
E   [parameters: ('pat_no_abha_ff35dc', None, None, 'Rajesh Kumar', 'M', '1980-01-01', '9876543210', None, None, None, '2026-09-19 02:59:08.319723')]
E   (Background on this error at: https://sqlalche.me/e/20/gkpj)

=== tests/test_fhir_export.py::test_export_stale_summary_version_retry_blocked ===
.venv\Lib\site-packages\_pytest\runner.py:361: in from_call
    result: TResult | None = func()
                             ^^^^^^
.venv\Lib\site-packages\_pytest\runner.py:250: in <lambda>
    lambda: runtest_hook(item=item, **kwds),
            ^^^^^^^^^^^^^^^^^^^^^^^^^^^^^^^
.venv\Lib\site-packages\pluggy\_hooks.py:512: in __call__
    return self._hookexec(self.name, self._hookimpls.copy(), kwargs, firstresult)
           ^^^^^^^^^^^^^^^^^^^^^^^^^^^^^^^^^^^^^^^^^^^^^^^^^^^^^^^^^^^^^^^^^^^^^^
.venv\Lib\site-packages\pluggy\_manager.py:120: in _hookexec
    return self._inner_hookexec(hook_name, methods, kwargs, firstresult)
           ^^^^^^^^^^^^^^^^^^^^^^^^^^^^^^^^^^^^^^^^^^^^^^^^^^^^^^^^^^^^^
.venv\Lib\site-packages\_pytest\capture.py:900: in pytest_runtest_call
    return (yield)
            ^^^^^
.venv\Lib\site-packages\pluggy\_callers.py:53: in run_old_style_hookwrapper
    return result.get_result()
           ^^^^^^^^^^^^^^^^^^^
.venv\Lib\site-packages\pluggy\_callers.py:38: in run_old_style_hookwrapper
    res = yield
          ^^^^^
.venv\Lib\site-packages\_pytest\skipping.py:268: in pytest_runtest_call
    return (yield)
            ^^^^^
.venv\Lib\site-packages\_pytest\runner.py:184: in pytest_runtest_call
    item.runtest()
.venv\Lib\site-packages\pytest_asyncio\plugin.py:569: in runtest
    super().runtest()
.venv\Lib\site-packages\_pytest\python.py:1707: in runtest
    self.ihook.pytest_pyfunc_call(pyfuncitem=self)
.venv\Lib\site-packages\pluggy\_hooks.py:512: in __call__
    return self._hookexec(self.name, self._hookimpls.copy(), kwargs, firstresult)
           ^^^^^^^^^^^^^^^^^^^^^^^^^^^^^^^^^^^^^^^^^^^^^^^^^^^^^^^^^^^^^^^^^^^^^^
.venv\Lib\site-packages\pluggy\_manager.py:120: in _hookexec
    return self._inner_hookexec(hook_name, methods, kwargs, firstresult)
           ^^^^^^^^^^^^^^^^^^^^^^^^^^^^^^^^^^^^^^^^^^^^^^^^^^^^^^^^^^^^^
.venv\Lib\site-packages\pluggy\_callers.py:53: in run_old_style_hookwrapper
    return result.get_result()
           ^^^^^^^^^^^^^^^^^^^
.venv\Lib\site-packages\pluggy\_callers.py:38: in run_old_style_hookwrapper
    res = yield
          ^^^^^
.venv\Lib\site-packages\_pytest\python.py:167: in pytest_pyfunc_call
    result = testfunction(**testargs)
             ^^^^^^^^^^^^^^^^^^^^^^^^
.venv\Lib\site-packages\pytest_asyncio\plugin.py:905: in inner
    runner.run(coro, context=context)
C:\Users\abhis\AppData\Roaming\uv\python\cpython-3.12.11-windows-x86_64-none\Lib\asyncio\runners.py:118: in run
    return self._loop.run_until_complete(task)
           ^^^^^^^^^^^^^^^^^^^^^^^^^^^^^^^^^^^
C:\Users\abhis\AppData\Roaming\uv\python\cpython-3.12.11-windows-x86_64-none\Lib\asyncio\base_events.py:691: in run_until_complete
    return future.result()
           ^^^^^^^^^^^^^^^
tests\test_fhir_export.py:415: in test_export_stale_summary_version_retry_blocked
    assert "version mismatch" in (updated_job.last_error or "").lower()
E   AssertionError: assert 'version mismatch' in 'summary version changed since export was queued (queued: v1, current: v2).'
E    +  where 'summary version changed since export was queued (queued: v1, current: v2).' = <built-in method lower of str object at 0x0000022ADA1E9030>()
E    +    where <built-in method lower of str object at 0x0000022ADA1E9030> = ('Summary version changed since export was queued (queued: v1, current: v2).').lower
E    +      where 'Summary version changed since export was queued (queued: v1, current: v2).' = <app.db.models.FHIRPushQueue object at 0x0000022AD6FE3680>.last_error

=== tests/test_fhir_export.py::test_client_supplied_bundle_ignored ===
.venv\Lib\site-packages\sqlalchemy\engine\base.py:1969: in _exec_single_context
    self.dialect.do_execute(
.venv\Lib\site-packages\sqlalchemy\engine\default.py:952: in do_execute
    cursor.execute(statement, parameters)
.venv\Lib\site-packages\sqlalchemy\dialects\sqlite\aiosqlite.py:213: in execute
    self._adapt_connection._handle_exception(error)
.venv\Lib\site-packages\sqlalchemy\dialects\sqlite\aiosqlite.py:373: in _handle_exception
    raise error
.venv\Lib\site-packages\sqlalchemy\dialects\sqlite\aiosqlite.py:195: in execute
    self.await_(_cursor.execute(operation, parameters))
.venv\Lib\site-packages\sqlalchemy\util\_concurrency_py3k.py:132: in await_only
    return current.parent.switch(awaitable)  # type: ignore[no-any-return,attr-defined] # noqa: E501
           ^^^^^^^^^^^^^^^^^^^^^^^^^^^^^^^^
.venv\Lib\site-packages\sqlalchemy\util\_concurrency_py3k.py:196: in greenlet_spawn
    value = await result
            ^^^^^^^^^^^^
.venv\Lib\site-packages\aiosqlite\cursor.py:40: in execute
    await self._execute(self._cursor.execute, sql, parameters)
.venv\Lib\site-packages\aiosqlite\cursor.py:32: in _execute
    return await self._conn._execute(fn, *args, **kwargs)
           ^^^^^^^^^^^^^^^^^^^^^^^^^^^^^^^^^^^^^^^^^^^^^^
.venv\Lib\site-packages\aiosqlite\core.py:160: in _execute
    return await future
           ^^^^^^^^^^^^
.venv\Lib\site-packages\aiosqlite\core.py:63: in _connection_worker_thread
    result = function()
             ^^^^^^^^^^
E   sqlite3.IntegrityError: UNIQUE constraint failed: patients.abha_id

The above exception was the direct cause of the following exception:
.venv\Lib\site-packages\_pytest\runner.py:361: in from_call
    result: TResult | None = func()
                             ^^^^^^
.venv\Lib\site-packages\_pytest\runner.py:250: in <lambda>
    lambda: runtest_hook(item=item, **kwds),
            ^^^^^^^^^^^^^^^^^^^^^^^^^^^^^^^
.venv\Lib\site-packages\pluggy\_hooks.py:512: in __call__
    return self._hookexec(self.name, self._hookimpls.copy(), kwargs, firstresult)
           ^^^^^^^^^^^^^^^^^^^^^^^^^^^^^^^^^^^^^^^^^^^^^^^^^^^^^^^^^^^^^^^^^^^^^^
.venv\Lib\site-packages\pluggy\_manager.py:120: in _hookexec
    return self._inner_hookexec(hook_name, methods, kwargs, firstresult)
           ^^^^^^^^^^^^^^^^^^^^^^^^^^^^^^^^^^^^^^^^^^^^^^^^^^^^^^^^^^^^^
.venv\Lib\site-packages\_pytest\capture.py:900: in pytest_runtest_call
    return (yield)
            ^^^^^
.venv\Lib\site-packages\pluggy\_callers.py:53: in run_old_style_hookwrapper
    return result.get_result()
           ^^^^^^^^^^^^^^^^^^^
.venv\Lib\site-packages\pluggy\_callers.py:38: in run_old_style_hookwrapper
    res = yield
          ^^^^^
.venv\Lib\site-packages\_pytest\skipping.py:268: in pytest_runtest_call
    return (yield)
            ^^^^^
.venv\Lib\site-packages\_pytest\runner.py:184: in pytest_runtest_call
    item.runtest()
.venv\Lib\site-packages\pytest_asyncio\plugin.py:569: in runtest
    super().runtest()
.venv\Lib\site-packages\_pytest\python.py:1707: in runtest
    self.ihook.pytest_pyfunc_call(pyfuncitem=self)
.venv\Lib\site-packages\pluggy\_hooks.py:512: in __call__
    return self._hookexec(self.name, self._hookimpls.copy(), kwargs, firstresult)
           ^^^^^^^^^^^^^^^^^^^^^^^^^^^^^^^^^^^^^^^^^^^^^^^^^^^^^^^^^^^^^^^^^^^^^^
.venv\Lib\site-packages\pluggy\_manager.py:120: in _hookexec
    return self._inner_hookexec(hook_name, methods, kwargs, firstresult)
           ^^^^^^^^^^^^^^^^^^^^^^^^^^^^^^^^^^^^^^^^^^^^^^^^^^^^^^^^^^^^^
.venv\Lib\site-packages\pluggy\_callers.py:53: in run_old_style_hookwrapper
    return result.get_result()
           ^^^^^^^^^^^^^^^^^^^
.venv\Lib\site-packages\pluggy\_callers.py:38: in run_old_style_hookwrapper
    res = yield
          ^^^^^
.venv\Lib\site-packages\_pytest\python.py:167: in pytest_pyfunc_call
    result = testfunction(**testargs)
             ^^^^^^^^^^^^^^^^^^^^^^^^
.venv\Lib\site-packages\pytest_asyncio\plugin.py:905: in inner
    runner.run(coro, context=context)
C:\Users\abhis\AppData\Roaming\uv\python\cpython-3.12.11-windows-x86_64-none\Lib\asyncio\runners.py:118: in run
    return self._loop.run_until_complete(task)
           ^^^^^^^^^^^^^^^^^^^^^^^^^^^^^^^^^^^
C:\Users\abhis\AppData\Roaming\uv\python\cpython-3.12.11-windows-x86_64-none\Lib\asyncio\base_events.py:691: in run_until_complete
    return future.result()
           ^^^^^^^^^^^^^^^
tests\test_fhir_export.py:433: in test_client_supplied_bundle_ignored
    await seed_test_encounter(
tests\test_fhir_export.py:107: in seed_test_encounter
    await db.flush()
.venv\Lib\site-packages\sqlalchemy\ext\asyncio\session.py:787: in flush
    await greenlet_spawn(self.sync_session.flush, objects=objects)
.venv\Lib\site-packages\sqlalchemy\util\_concurrency_py3k.py:203: in greenlet_spawn
    result = context.switch(value)
             ^^^^^^^^^^^^^^^^^^^^^
.venv\Lib\site-packages\sqlalchemy\orm\session.py:4353: in flush
    self._flush(objects)
.venv\Lib\site-packages\sqlalchemy\orm\session.py:4488: in _flush
    with util.safe_reraise():
         ^^^^^^^^^^^^^^^^^^^
.venv\Lib\site-packages\sqlalchemy\util\langhelpers.py:122: in __exit__
    raise exc_value.with_traceback(exc_tb)
.venv\Lib\site-packages\sqlalchemy\orm\session.py:4449: in _flush
    flush_context.execute()
.venv\Lib\site-packages\sqlalchemy\orm\unitofwork.py:465: in execute
    rec.execute(self)
.venv\Lib\site-packages\sqlalchemy\orm\unitofwork.py:641: in execute
    util.preloaded.orm_persistence.save_obj(
.venv\Lib\site-packages\sqlalchemy\orm\persistence.py:94: in save_obj
    _emit_insert_statements(
.venv\Lib\site-packages\sqlalchemy\orm\persistence.py:1049: in _emit_insert_statements
    result = connection.execute(
.venv\Lib\site-packages\sqlalchemy\engine\base.py:1421: in execute
    return meth(
.venv\Lib\site-packages\sqlalchemy\sql\elements.py:526: in _execute_on_connection
    return connection._execute_clauseelement(
.venv\Lib\site-packages\sqlalchemy\engine\base.py:1643: in _execute_clauseelement
    ret = self._execute_context(
.venv\Lib\site-packages\sqlalchemy\engine\base.py:1848: in _execute_context
    return self._exec_single_context(
.venv\Lib\site-packages\sqlalchemy\engine\base.py:1988: in _exec_single_context
    self._handle_dbapi_exception(
.venv\Lib\site-packages\sqlalchemy\engine\base.py:2365: in _handle_dbapi_exception
    raise sqlalchemy_exception.with_traceback(exc_info[2]) from e
.venv\Lib\site-packages\sqlalchemy\engine\base.py:1969: in _exec_single_context
    self.dialect.do_execute(
.venv\Lib\site-packages\sqlalchemy\engine\default.py:952: in do_execute
    cursor.execute(statement, parameters)
.venv\Lib\site-packages\sqlalchemy\dialects\sqlite\aiosqlite.py:213: in execute
    self._adapt_connection._handle_exception(error)
.venv\Lib\site-packages\sqlalchemy\dialects\sqlite\aiosqlite.py:373: in _handle_exception
    raise error
.venv\Lib\site-packages\sqlalchemy\dialects\sqlite\aiosqlite.py:195: in execute
    self.await_(_cursor.execute(operation, parameters))
.venv\Lib\site-packages\sqlalchemy\util\_concurrency_py3k.py:132: in await_only
    return current.parent.switch(awaitable)  # type: ignore[no-any-return,attr-defined] # noqa: E501
           ^^^^^^^^^^^^^^^^^^^^^^^^^^^^^^^^
.venv\Lib\site-packages\sqlalchemy\util\_concurrency_py3k.py:196: in greenlet_spawn
    value = await result
            ^^^^^^^^^^^^
.venv\Lib\site-packages\aiosqlite\cursor.py:40: in execute
    await self._execute(self._cursor.execute, sql, parameters)
.venv\Lib\site-packages\aiosqlite\cursor.py:32: in _execute
    return await self._conn._execute(fn, *args, **kwargs)
           ^^^^^^^^^^^^^^^^^^^^^^^^^^^^^^^^^^^^^^^^^^^^^^
.venv\Lib\site-packages\aiosqlite\core.py:160: in _execute
    return await future
           ^^^^^^^^^^^^
.venv\Lib\site-packages\aiosqlite\core.py:63: in _connection_worker_thread
    result = function()
             ^^^^^^^^^^
E   sqlalchemy.exc.IntegrityError: (sqlite3.IntegrityError) UNIQUE constraint failed: patients.abha_id
E   [SQL: INSERT INTO patients (id, abha_id, abha_number, name, gender, dob, mobile, address, district, state, created_at) VALUES (?, ?, ?, ?, ?, ?, ?, ?, ?, ?, ?)]
E   [parameters: ('pat_0f4100', 'actual.patient@abdm', None, 'Rajesh Kumar', 'M', '1980-01-01', '9876543210', None, None, None, '2026-09-19 02:59:09.444955')]
E   (Background on this error at: https://sqlalche.me/e/20/gkpj)

=== tests/test_fhir_export.py::test_preview_uses_exact_persisted_version ===
.venv\Lib\site-packages\sqlalchemy\engine\base.py:1969: in _exec_single_context
    self.dialect.do_execute(
.venv\Lib\site-packages\sqlalchemy\engine\default.py:952: in do_execute
    cursor.execute(statement, parameters)
.venv\Lib\site-packages\sqlalchemy\dialects\sqlite\aiosqlite.py:213: in execute
    self._adapt_connection._handle_exception(error)
.venv\Lib\site-packages\sqlalchemy\dialects\sqlite\aiosqlite.py:373: in _handle_exception
    raise error
.venv\Lib\site-packages\sqlalchemy\dialects\sqlite\aiosqlite.py:195: in execute
    self.await_(_cursor.execute(operation, parameters))
.venv\Lib\site-packages\sqlalchemy\util\_concurrency_py3k.py:132: in await_only
    return current.parent.switch(awaitable)  # type: ignore[no-any-return,attr-defined] # noqa: E501
           ^^^^^^^^^^^^^^^^^^^^^^^^^^^^^^^^
.venv\Lib\site-packages\sqlalchemy\util\_concurrency_py3k.py:196: in greenlet_spawn
    value = await result
            ^^^^^^^^^^^^
.venv\Lib\site-packages\aiosqlite\cursor.py:40: in execute
    await self._execute(self._cursor.execute, sql, parameters)
.venv\Lib\site-packages\aiosqlite\cursor.py:32: in _execute
    return await self._conn._execute(fn, *args, **kwargs)
           ^^^^^^^^^^^^^^^^^^^^^^^^^^^^^^^^^^^^^^^^^^^^^^
.venv\Lib\site-packages\aiosqlite\core.py:160: in _execute
    return await future
           ^^^^^^^^^^^^
.venv\Lib\site-packages\aiosqlite\core.py:63: in _connection_worker_thread
    result = function()
             ^^^^^^^^^^
E   sqlite3.IntegrityError: UNIQUE constraint failed: patients.abha_id

The above exception was the direct cause of the following exception:
.venv\Lib\site-packages\_pytest\runner.py:361: in from_call
    result: TResult | None = func()
                             ^^^^^^
.venv\Lib\site-packages\_pytest\runner.py:250: in <lambda>
    lambda: runtest_hook(item=item, **kwds),
            ^^^^^^^^^^^^^^^^^^^^^^^^^^^^^^^
.venv\Lib\site-packages\pluggy\_hooks.py:512: in __call__
    return self._hookexec(self.name, self._hookimpls.copy(), kwargs, firstresult)
           ^^^^^^^^^^^^^^^^^^^^^^^^^^^^^^^^^^^^^^^^^^^^^^^^^^^^^^^^^^^^^^^^^^^^^^
.venv\Lib\site-packages\pluggy\_manager.py:120: in _hookexec
    return self._inner_hookexec(hook_name, methods, kwargs, firstresult)
           ^^^^^^^^^^^^^^^^^^^^^^^^^^^^^^^^^^^^^^^^^^^^^^^^^^^^^^^^^^^^^
.venv\Lib\site-packages\_pytest\capture.py:900: in pytest_runtest_call
    return (yield)
            ^^^^^
.venv\Lib\site-packages\pluggy\_callers.py:53: in run_old_style_hookwrapper
    return result.get_result()
           ^^^^^^^^^^^^^^^^^^^
.venv\Lib\site-packages\pluggy\_callers.py:38: in run_old_style_hookwrapper
    res = yield
          ^^^^^
.venv\Lib\site-packages\_pytest\skipping.py:268: in pytest_runtest_call
    return (yield)
            ^^^^^
.venv\Lib\site-packages\_pytest\runner.py:184: in pytest_runtest_call
    item.runtest()
.venv\Lib\site-packages\pytest_asyncio\plugin.py:569: in runtest
    super().runtest()
.venv\Lib\site-packages\_pytest\python.py:1707: in runtest
    self.ihook.pytest_pyfunc_call(pyfuncitem=self)
.venv\Lib\site-packages\pluggy\_hooks.py:512: in __call__
    return self._hookexec(self.name, self._hookimpls.copy(), kwargs, firstresult)
           ^^^^^^^^^^^^^^^^^^^^^^^^^^^^^^^^^^^^^^^^^^^^^^^^^^^^^^^^^^^^^^^^^^^^^^
.venv\Lib\site-packages\pluggy\_manager.py:120: in _hookexec
    return self._inner_hookexec(hook_name, methods, kwargs, firstresult)
           ^^^^^^^^^^^^^^^^^^^^^^^^^^^^^^^^^^^^^^^^^^^^^^^^^^^^^^^^^^^^^
.venv\Lib\site-packages\pluggy\_callers.py:53: in run_old_style_hookwrapper
    return result.get_result()
           ^^^^^^^^^^^^^^^^^^^
.venv\Lib\site-packages\pluggy\_callers.py:38: in run_old_style_hookwrapper
    res = yield
          ^^^^^
.venv\Lib\site-packages\_pytest\python.py:167: in pytest_pyfunc_call
    result = testfunction(**testargs)
             ^^^^^^^^^^^^^^^^^^^^^^^^
.venv\Lib\site-packages\pytest_asyncio\plugin.py:905: in inner
    runner.run(coro, context=context)
C:\Users\abhis\AppData\Roaming\uv\python\cpython-3.12.11-windows-x86_64-none\Lib\asyncio\runners.py:118: in run
    return self._loop.run_until_complete(task)
           ^^^^^^^^^^^^^^^^^^^^^^^^^^^^^^^^^^^
C:\Users\abhis\AppData\Roaming\uv\python\cpython-3.12.11-windows-x86_64-none\Lib\asyncio\base_events.py:691: in run_until_complete
    return future.result()
           ^^^^^^^^^^^^^^^
tests\test_fhir_export.py:488: in test_preview_uses_exact_persisted_version
    await seed_test_encounter(
tests\test_fhir_export.py:107: in seed_test_encounter
    await db.flush()
.venv\Lib\site-packages\sqlalchemy\ext\asyncio\session.py:787: in flush
    await greenlet_spawn(self.sync_session.flush, objects=objects)
.venv\Lib\site-packages\sqlalchemy\util\_concurrency_py3k.py:203: in greenlet_spawn
    result = context.switch(value)
             ^^^^^^^^^^^^^^^^^^^^^
.venv\Lib\site-packages\sqlalchemy\orm\session.py:4353: in flush
    self._flush(objects)
.venv\Lib\site-packages\sqlalchemy\orm\session.py:4488: in _flush
    with util.safe_reraise():
         ^^^^^^^^^^^^^^^^^^^
.venv\Lib\site-packages\sqlalchemy\util\langhelpers.py:122: in __exit__
    raise exc_value.with_traceback(exc_tb)
.venv\Lib\site-packages\sqlalchemy\orm\session.py:4449: in _flush
    flush_context.execute()
.venv\Lib\site-packages\sqlalchemy\orm\unitofwork.py:465: in execute
    rec.execute(self)
.venv\Lib\site-packages\sqlalchemy\orm\unitofwork.py:641: in execute
    util.preloaded.orm_persistence.save_obj(
.venv\Lib\site-packages\sqlalchemy\orm\persistence.py:94: in save_obj
    _emit_insert_statements(
.venv\Lib\site-packages\sqlalchemy\orm\persistence.py:1049: in _emit_insert_statements
    result = connection.execute(
.venv\Lib\site-packages\sqlalchemy\engine\base.py:1421: in execute
    return meth(
.venv\Lib\site-packages\sqlalchemy\sql\elements.py:526: in _execute_on_connection
    return connection._execute_clauseelement(
.venv\Lib\site-packages\sqlalchemy\engine\base.py:1643: in _execute_clauseelement
    ret = self._execute_context(
.venv\Lib\site-packages\sqlalchemy\engine\base.py:1848: in _execute_context
    return self._exec_single_context(
.venv\Lib\site-packages\sqlalchemy\engine\base.py:1988: in _exec_single_context
    self._handle_dbapi_exception(
.venv\Lib\site-packages\sqlalchemy\engine\base.py:2365: in _handle_dbapi_exception
    raise sqlalchemy_exception.with_traceback(exc_info[2]) from e
.venv\Lib\site-packages\sqlalchemy\engine\base.py:1969: in _exec_single_context
    self.dialect.do_execute(
.venv\Lib\site-packages\sqlalchemy\engine\default.py:952: in do_execute
    cursor.execute(statement, parameters)
.venv\Lib\site-packages\sqlalchemy\dialects\sqlite\aiosqlite.py:213: in execute
    self._adapt_connection._handle_exception(error)
.venv\Lib\site-packages\sqlalchemy\dialects\sqlite\aiosqlite.py:373: in _handle_exception
    raise error
.venv\Lib\site-packages\sqlalchemy\dialects\sqlite\aiosqlite.py:195: in execute
    self.await_(_cursor.execute(operation, parameters))
.venv\Lib\site-packages\sqlalchemy\util\_concurrency_py3k.py:132: in await_only
    return current.parent.switch(awaitable)  # type: ignore[no-any-return,attr-defined] # noqa: E501
           ^^^^^^^^^^^^^^^^^^^^^^^^^^^^^^^^
.venv\Lib\site-packages\sqlalchemy\util\_concurrency_py3k.py:196: in greenlet_spawn
    value = await result
            ^^^^^^^^^^^^
.venv\Lib\site-packages\aiosqlite\cursor.py:40: in execute
    await self._execute(self._cursor.execute, sql, parameters)
.venv\Lib\site-packages\aiosqlite\cursor.py:32: in _execute
    return await self._conn._execute(fn, *args, **kwargs)
           ^^^^^^^^^^^^^^^^^^^^^^^^^^^^^^^^^^^^^^^^^^^^^^
.venv\Lib\site-packages\aiosqlite\core.py:160: in _execute
    return await future
           ^^^^^^^^^^^^
.venv\Lib\site-packages\aiosqlite\core.py:63: in _connection_worker_thread
    result = function()
             ^^^^^^^^^^
E   sqlalchemy.exc.IntegrityError: (sqlite3.IntegrityError) UNIQUE constraint failed: patients.abha_id
E   [SQL: INSERT INTO patients (id, abha_id, abha_number, name, gender, dob, mobile, address, district, state, created_at) VALUES (?, ?, ?, ?, ?, ?, ?, ?, ?, ?, ?)]
E   [parameters: ('pat_a0621a', 'preview.pat@sbx', None, 'Rajesh Kumar', 'M', '1980-01-01', '9876543210', None, None, None, '2026-09-19 02:59:10.386059')]
E   (Background on this error at: https://sqlalche.me/e/20/gkpj)

=== tests/test_fhir_export.py::test_preview_and_export_consistency ===
.venv\Lib\site-packages\sqlalchemy\engine\base.py:1969: in _exec_single_context
    self.dialect.do_execute(
.venv\Lib\site-packages\sqlalchemy\engine\default.py:952: in do_execute
    cursor.execute(statement, parameters)
.venv\Lib\site-packages\sqlalchemy\dialects\sqlite\aiosqlite.py:213: in execute
    self._adapt_connection._handle_exception(error)
.venv\Lib\site-packages\sqlalchemy\dialects\sqlite\aiosqlite.py:373: in _handle_exception
    raise error
.venv\Lib\site-packages\sqlalchemy\dialects\sqlite\aiosqlite.py:195: in execute
    self.await_(_cursor.execute(operation, parameters))
.venv\Lib\site-packages\sqlalchemy\util\_concurrency_py3k.py:132: in await_only
    return current.parent.switch(awaitable)  # type: ignore[no-any-return,attr-defined] # noqa: E501
           ^^^^^^^^^^^^^^^^^^^^^^^^^^^^^^^^
.venv\Lib\site-packages\sqlalchemy\util\_concurrency_py3k.py:196: in greenlet_spawn
    value = await result
            ^^^^^^^^^^^^
.venv\Lib\site-packages\aiosqlite\cursor.py:40: in execute
    await self._execute(self._cursor.execute, sql, parameters)
.venv\Lib\site-packages\aiosqlite\cursor.py:32: in _execute
    return await self._conn._execute(fn, *args, **kwargs)
           ^^^^^^^^^^^^^^^^^^^^^^^^^^^^^^^^^^^^^^^^^^^^^^
.venv\Lib\site-packages\aiosqlite\core.py:160: in _execute
    return await future
           ^^^^^^^^^^^^
.venv\Lib\site-packages\aiosqlite\core.py:63: in _connection_worker_thread
    result = function()
             ^^^^^^^^^^
E   sqlite3.IntegrityError: UNIQUE constraint failed: patients.abha_id

The above exception was the direct cause of the following exception:
.venv\Lib\site-packages\_pytest\runner.py:361: in from_call
    result: TResult | None = func()
                             ^^^^^^
.venv\Lib\site-packages\_pytest\runner.py:250: in <lambda>
    lambda: runtest_hook(item=item, **kwds),
            ^^^^^^^^^^^^^^^^^^^^^^^^^^^^^^^
.venv\Lib\site-packages\pluggy\_hooks.py:512: in __call__
    return self._hookexec(self.name, self._hookimpls.copy(), kwargs, firstresult)
           ^^^^^^^^^^^^^^^^^^^^^^^^^^^^^^^^^^^^^^^^^^^^^^^^^^^^^^^^^^^^^^^^^^^^^^
.venv\Lib\site-packages\pluggy\_manager.py:120: in _hookexec
    return self._inner_hookexec(hook_name, methods, kwargs, firstresult)
           ^^^^^^^^^^^^^^^^^^^^^^^^^^^^^^^^^^^^^^^^^^^^^^^^^^^^^^^^^^^^^
.venv\Lib\site-packages\_pytest\capture.py:900: in pytest_runtest_call
    return (yield)
            ^^^^^
.venv\Lib\site-packages\pluggy\_callers.py:53: in run_old_style_hookwrapper
    return result.get_result()
           ^^^^^^^^^^^^^^^^^^^
.venv\Lib\site-packages\pluggy\_callers.py:38: in run_old_style_hookwrapper
    res = yield
          ^^^^^
.venv\Lib\site-packages\_pytest\skipping.py:268: in pytest_runtest_call
    return (yield)
            ^^^^^
.venv\Lib\site-packages\_pytest\runner.py:184: in pytest_runtest_call
    item.runtest()
.venv\Lib\site-packages\pytest_asyncio\plugin.py:569: in runtest
    super().runtest()
.venv\Lib\site-packages\_pytest\python.py:1707: in runtest
    self.ihook.pytest_pyfunc_call(pyfuncitem=self)
.venv\Lib\site-packages\pluggy\_hooks.py:512: in __call__
    return self._hookexec(self.name, self._hookimpls.copy(), kwargs, firstresult)
           ^^^^^^^^^^^^^^^^^^^^^^^^^^^^^^^^^^^^^^^^^^^^^^^^^^^^^^^^^^^^^^^^^^^^^^
.venv\Lib\site-packages\pluggy\_manager.py:120: in _hookexec
    return self._inner_hookexec(hook_name, methods, kwargs, firstresult)
           ^^^^^^^^^^^^^^^^^^^^^^^^^^^^^^^^^^^^^^^^^^^^^^^^^^^^^^^^^^^^^
.venv\Lib\site-packages\pluggy\_callers.py:53: in run_old_style_hookwrapper
    return result.get_result()
           ^^^^^^^^^^^^^^^^^^^
.venv\Lib\site-packages\pluggy\_callers.py:38: in run_old_style_hookwrapper
    res = yield
          ^^^^^
.venv\Lib\site-packages\_pytest\python.py:167: in pytest_pyfunc_call
    result = testfunction(**testargs)
             ^^^^^^^^^^^^^^^^^^^^^^^^
.venv\Lib\site-packages\pytest_asyncio\plugin.py:905: in inner
    runner.run(coro, context=context)
C:\Users\abhis\AppData\Roaming\uv\python\cpython-3.12.11-windows-x86_64-none\Lib\asyncio\runners.py:118: in run
    return self._loop.run_until_complete(task)
           ^^^^^^^^^^^^^^^^^^^^^^^^^^^^^^^^^^^
C:\Users\abhis\AppData\Roaming\uv\python\cpython-3.12.11-windows-x86_64-none\Lib\asyncio\base_events.py:691: in run_until_complete
    return future.result()
           ^^^^^^^^^^^^^^^
tests\test_fhir_export.py:537: in test_preview_and_export_consistency
    await seed_test_encounter(
tests\test_fhir_export.py:107: in seed_test_encounter
    await db.flush()
.venv\Lib\site-packages\sqlalchemy\ext\asyncio\session.py:787: in flush
    await greenlet_spawn(self.sync_session.flush, objects=objects)
.venv\Lib\site-packages\sqlalchemy\util\_concurrency_py3k.py:203: in greenlet_spawn
    result = context.switch(value)
             ^^^^^^^^^^^^^^^^^^^^^
.venv\Lib\site-packages\sqlalchemy\orm\session.py:4353: in flush
    self._flush(objects)
.venv\Lib\site-packages\sqlalchemy\orm\session.py:4488: in _flush
    with util.safe_reraise():
         ^^^^^^^^^^^^^^^^^^^
.venv\Lib\site-packages\sqlalchemy\util\langhelpers.py:122: in __exit__
    raise exc_value.with_traceback(exc_tb)
.venv\Lib\site-packages\sqlalchemy\orm\session.py:4449: in _flush
    flush_context.execute()
.venv\Lib\site-packages\sqlalchemy\orm\unitofwork.py:465: in execute
    rec.execute(self)
.venv\Lib\site-packages\sqlalchemy\orm\unitofwork.py:641: in execute
    util.preloaded.orm_persistence.save_obj(
.venv\Lib\site-packages\sqlalchemy\orm\persistence.py:94: in save_obj
    _emit_insert_statements(
.venv\Lib\site-packages\sqlalchemy\orm\persistence.py:1049: in _emit_insert_statements
    result = connection.execute(
.venv\Lib\site-packages\sqlalchemy\engine\base.py:1421: in execute
    return meth(
.venv\Lib\site-packages\sqlalchemy\sql\elements.py:526: in _execute_on_connection
    return connection._execute_clauseelement(
.venv\Lib\site-packages\sqlalchemy\engine\base.py:1643: in _execute_clauseelement
    ret = self._execute_context(
.venv\Lib\site-packages\sqlalchemy\engine\base.py:1848: in _execute_context
    return self._exec_single_context(
.venv\Lib\site-packages\sqlalchemy\engine\base.py:1988: in _exec_single_context
    self._handle_dbapi_exception(
.venv\Lib\site-packages\sqlalchemy\engine\base.py:2365: in _handle_dbapi_exception
    raise sqlalchemy_exception.with_traceback(exc_info[2]) from e
.venv\Lib\site-packages\sqlalchemy\engine\base.py:1969: in _exec_single_context
    self.dialect.do_execute(
.venv\Lib\site-packages\sqlalchemy\engine\default.py:952: in do_execute
    cursor.execute(statement, parameters)
.venv\Lib\site-packages\sqlalchemy\dialects\sqlite\aiosqlite.py:213: in execute
    self._adapt_connection._handle_exception(error)
.venv\Lib\site-packages\sqlalchemy\dialects\sqlite\aiosqlite.py:373: in _handle_exception
    raise error
.venv\Lib\site-packages\sqlalchemy\dialects\sqlite\aiosqlite.py:195: in execute
    self.await_(_cursor.execute(operation, parameters))
.venv\Lib\site-packages\sqlalchemy\util\_concurrency_py3k.py:132: in await_only
    return current.parent.switch(awaitable)  # type: ignore[no-any-return,attr-defined] # noqa: E501
           ^^^^^^^^^^^^^^^^^^^^^^^^^^^^^^^^
.venv\Lib\site-packages\sqlalchemy\util\_concurrency_py3k.py:196: in greenlet_spawn
    value = await result
            ^^^^^^^^^^^^
.venv\Lib\site-packages\aiosqlite\cursor.py:40: in execute
    await self._execute(self._cursor.execute, sql, parameters)
.venv\Lib\site-packages\aiosqlite\cursor.py:32: in _execute
    return await self._conn._execute(fn, *args, **kwargs)
           ^^^^^^^^^^^^^^^^^^^^^^^^^^^^^^^^^^^^^^^^^^^^^^
.venv\Lib\site-packages\aiosqlite\core.py:160: in _execute
    return await future
           ^^^^^^^^^^^^
.venv\Lib\site-packages\aiosqlite\core.py:63: in _connection_worker_thread
    result = function()
             ^^^^^^^^^^
E   sqlalchemy.exc.IntegrityError: (sqlite3.IntegrityError) UNIQUE constraint failed: patients.abha_id
E   [SQL: INSERT INTO patients (id, abha_id, abha_number, name, gender, dob, mobile, address, district, state, created_at) VALUES (?, ?, ?, ?, ?, ?, ?, ?, ?, ?, ?)]
E   [parameters: ('pat_92f6e4', 'consistent.pat@sbx', None, 'Rajesh Kumar', 'M', '1980-01-01', '9876543210', None, None, None, '2026-09-19 02:59:11.455311')]
E   (Background on this error at: https://sqlalche.me/e/20/gkpj)

=== tests/test_fhir_export.py::test_conflicts_and_alerts_not_emitted_as_active_medications ===
.venv\Lib\site-packages\_pytest\runner.py:361: in from_call
    result: TResult | None = func()
                             ^^^^^^
.venv\Lib\site-packages\_pytest\runner.py:250: in <lambda>
    lambda: runtest_hook(item=item, **kwds),
            ^^^^^^^^^^^^^^^^^^^^^^^^^^^^^^^
.venv\Lib\site-packages\pluggy\_hooks.py:512: in __call__
    return self._hookexec(self.name, self._hookimpls.copy(), kwargs, firstresult)
           ^^^^^^^^^^^^^^^^^^^^^^^^^^^^^^^^^^^^^^^^^^^^^^^^^^^^^^^^^^^^^^^^^^^^^^
.venv\Lib\site-packages\pluggy\_manager.py:120: in _hookexec
    return self._inner_hookexec(hook_name, methods, kwargs, firstresult)
           ^^^^^^^^^^^^^^^^^^^^^^^^^^^^^^^^^^^^^^^^^^^^^^^^^^^^^^^^^^^^^
.venv\Lib\site-packages\_pytest\capture.py:900: in pytest_runtest_call
    return (yield)
            ^^^^^
.venv\Lib\site-packages\pluggy\_callers.py:53: in run_old_style_hookwrapper
    return result.get_result()
           ^^^^^^^^^^^^^^^^^^^
.venv\Lib\site-packages\pluggy\_callers.py:38: in run_old_style_hookwrapper
    res = yield
          ^^^^^
.venv\Lib\site-packages\_pytest\skipping.py:268: in pytest_runtest_call
    return (yield)
            ^^^^^
.venv\Lib\site-packages\_pytest\runner.py:184: in pytest_runtest_call
    item.runtest()
.venv\Lib\site-packages\_pytest\python.py:1707: in runtest
    self.ihook.pytest_pyfunc_call(pyfuncitem=self)
.venv\Lib\site-packages\pluggy\_hooks.py:512: in __call__
    return self._hookexec(self.name, self._hookimpls.copy(), kwargs, firstresult)
           ^^^^^^^^^^^^^^^^^^^^^^^^^^^^^^^^^^^^^^^^^^^^^^^^^^^^^^^^^^^^^^^^^^^^^^
.venv\Lib\site-packages\pluggy\_manager.py:120: in _hookexec
    return self._inner_hookexec(hook_name, methods, kwargs, firstresult)
           ^^^^^^^^^^^^^^^^^^^^^^^^^^^^^^^^^^^^^^^^^^^^^^^^^^^^^^^^^^^^^
.venv\Lib\site-packages\pluggy\_callers.py:53: in run_old_style_hookwrapper
    return result.get_result()
           ^^^^^^^^^^^^^^^^^^^
.venv\Lib\site-packages\pluggy\_callers.py:38: in run_old_style_hookwrapper
    res = yield
          ^^^^^
.venv\Lib\site-packages\_pytest\python.py:167: in pytest_pyfunc_call
    result = testfunction(**testargs)
             ^^^^^^^^^^^^^^^^^^^^^^^^
tests\test_fhir_export.py:619: in test_conflicts_and_alerts_not_emitted_as_active_medications
    assert len(med_statements) == 2
E   AssertionError: assert 1 == 2
E    +  where 1 = len([{'resourceType': 'MedicationStatement', 'id': 'bd2eb10b-62a7-4661-aad8-bdf4fddeb1ee', 'status': 'active', 'medicationCodeableConcept': {'text': 'Metformin 500mg BD with meals'}, ...}])

=== tests/test_fhir_export.py::test_revocation_before_retry_blocks_queued_export ===
.venv\Lib\site-packages\_pytest\runner.py:361: in from_call
    result: TResult | None = func()
                             ^^^^^^
.venv\Lib\site-packages\_pytest\runner.py:250: in <lambda>
    lambda: runtest_hook(item=item, **kwds),
            ^^^^^^^^^^^^^^^^^^^^^^^^^^^^^^^
.venv\Lib\site-packages\pluggy\_hooks.py:512: in __call__
    return self._hookexec(self.name, self._hookimpls.copy(), kwargs, firstresult)
           ^^^^^^^^^^^^^^^^^^^^^^^^^^^^^^^^^^^^^^^^^^^^^^^^^^^^^^^^^^^^^^^^^^^^^^
.venv\Lib\site-packages\pluggy\_manager.py:120: in _hookexec
    return self._inner_hookexec(hook_name, methods, kwargs, firstresult)
           ^^^^^^^^^^^^^^^^^^^^^^^^^^^^^^^^^^^^^^^^^^^^^^^^^^^^^^^^^^^^^
.venv\Lib\site-packages\_pytest\capture.py:900: in pytest_runtest_call
    return (yield)
            ^^^^^
.venv\Lib\site-packages\pluggy\_callers.py:53: in run_old_style_hookwrapper
    return result.get_result()
           ^^^^^^^^^^^^^^^^^^^
.venv\Lib\site-packages\pluggy\_callers.py:38: in run_old_style_hookwrapper
    res = yield
          ^^^^^
.venv\Lib\site-packages\_pytest\skipping.py:268: in pytest_runtest_call
    return (yield)
            ^^^^^
.venv\Lib\site-packages\_pytest\runner.py:184: in pytest_runtest_call
    item.runtest()
.venv\Lib\site-packages\pytest_asyncio\plugin.py:569: in runtest
    super().runtest()
.venv\Lib\site-packages\_pytest\python.py:1707: in runtest
    self.ihook.pytest_pyfunc_call(pyfuncitem=self)
.venv\Lib\site-packages\pluggy\_hooks.py:512: in __call__
    return self._hookexec(self.name, self._hookimpls.copy(), kwargs, firstresult)
           ^^^^^^^^^^^^^^^^^^^^^^^^^^^^^^^^^^^^^^^^^^^^^^^^^^^^^^^^^^^^^^^^^^^^^^
.venv\Lib\site-packages\pluggy\_manager.py:120: in _hookexec
    return self._inner_hookexec(hook_name, methods, kwargs, firstresult)
           ^^^^^^^^^^^^^^^^^^^^^^^^^^^^^^^^^^^^^^^^^^^^^^^^^^^^^^^^^^^^^
.venv\Lib\site-packages\pluggy\_callers.py:53: in run_old_style_hookwrapper
    return result.get_result()
           ^^^^^^^^^^^^^^^^^^^
.venv\Lib\site-packages\pluggy\_callers.py:38: in run_old_style_hookwrapper
    res = yield
          ^^^^^
.venv\Lib\site-packages\_pytest\python.py:167: in pytest_pyfunc_call
    result = testfunction(**testargs)
             ^^^^^^^^^^^^^^^^^^^^^^^^
.venv\Lib\site-packages\pytest_asyncio\plugin.py:905: in inner
    runner.run(coro, context=context)
C:\Users\abhis\AppData\Roaming\uv\python\cpython-3.12.11-windows-x86_64-none\Lib\asyncio\runners.py:118: in run
    return self._loop.run_until_complete(task)
           ^^^^^^^^^^^^^^^^^^^^^^^^^^^^^^^^^^^
C:\Users\abhis\AppData\Roaming\uv\python\cpython-3.12.11-windows-x86_64-none\Lib\asyncio\base_events.py:691: in run_until_complete
    return future.result()
           ^^^^^^^^^^^^^^^
tests\test_fhir_export.py:900: in test_revocation_before_retry_blocks_queued_export
    assert "consent revoked" in (job.last_error or "").lower()
E   AssertionError: assert 'consent revoked' in 'consent for store_abdm revoked or missing at dispatch time.'
E    +  where 'consent for store_abdm revoked or missing at dispatch time.' = <built-in method lower of str object at 0x0000022AD8D76CD0>()
E    +    where <built-in method lower of str object at 0x0000022AD8D76CD0> = ('Consent for store_abdm revoked or missing at dispatch time.').lower
E    +      where 'Consent for store_abdm revoked or missing at dispatch time.' = <app.db.models.FHIRPushQueue object at 0x0000022AD8D89910>.last_error

